=== Case 1: Low Overall, High Execution ===
Score: 35
Stage: Stage 1. 아이디어 탐색기
Diagnosis: 현재 비즈니스의 기초 체력이 약한 상태입니다. 아이디어는 있으나 이것이 시장에서 통할지에 대한 객관적인 증거가 부족합니다. 특히 실행역량 분야에서 매우 탁월한 역량(90.0점)을 보여주고 계신 점이 팀의 강력한 엔진이 되고 있습니다. 반면, 상대적으로 지표가 낮은 성장전략 부분은 비즈니스 모델의 완성도를 위해 보완이 시급합니다.
Suggestion: 성장전략 분야의 취약점을 극복하는 데 우선순위를 두십시오. 책상 밖으로 나가십시오. 사무실에서 기획을 다듬는 것보다 잠재 고객을 직접 만나 그들의 불편함을 듣는 필드 리서치가 더 시급합니다.
-------------------

=== Case 2: Mid Overall, Low Growth ===
Score: 55
Stage: Stage 2. 솔루션 구체화기
Diagnosis: 시장 기회는 포착했으나 이를 뒷받침할 구체적인 전략과 밸런스를 맞추는 과정이 필요합니다. 반면, 상대적으로 지표가 낮은 성장전략 부분은 비즈니스 모델의 완성도를 위해 보완이 시급합니다.
Suggestion: 성장전략 분야의 취약점을 극복하는 데 우선순위를 두십시오. 비즈니스 모델의 경제성 검증에 집중하십시오. Unit Economics를 계산하여 고객 한 명을 유치할 때마다 이익이 남는 구조인지 점검해야 합니다.
-------------------

=== Case 3: High Overall, Balanced ===
Score: 90
Stage: Stage 4. 도약 및 확장기 (Scale-up)
Diagnosis: 비즈니스 모델 검증이 완료되었고 성장할 준비가 되었습니다. 시스템과 자본을 바탕으로 시장 점유율을 공격적으로 확대해야 할 때입니다. 특히 시장분석 분야에서 매우 탁월한 역량(90.0점)을 보여주고 계신 점이 팀의 강력한 엔진이 되고 있습니다.
Suggestion: 대규모 투자 유치를 통해 스케일업을 도모하십시오. 조직 비대화에 따른 비효율을 막기 위한 시스템 구축과 글로벌 진출 등 TAM 확장이 과제입니다.
-------------------

