node.exe : ??`eslint` configurat
ion in next.config.ts is no long
er supported. See more info here
: https://nextjs.org/docs/app/ap
i-reference/cli/next#next-lint-o
ptions
위치 줄:1 문자:1
+ & "C:\Program Files\nodejs/nod
e.exe" "C:\Program Files\nodejs/
node_mo ...
+ ~~~~~~~~~~~~~~~~~~~~~~~~~~~~~~
~~~~~~~~~~~~~~~~~~~~~~~~~~~~~~~~
~~~~~~~
    + CategoryInfo          : N 
   otSpecified: (??`eslint` co  
  nf...xt-lint-options:String   
 ) [], RemoteException
    + FullyQualifiedErrorId : N 
   ativeCommandError
 
??Invalid next.config.ts options
 detected: 
??    Unrecognized key(s) in obj
ect: 'eslint'
??See more info here: https://ne
xtjs.org/docs/messages/invalid-n
ext-config
??Next.js 16.1.6 (Turbopack)
- Environments: .env.local

??The "middleware" file conventi
on is deprecated. Please use "pr
oxy" instead. Learn more: https:
//nextjs.org/docs/messages/middl
eware-to-proxy
  Creating an optimized production build ...
??Compiled successfully in 14.1s
  Skipping validation of types
  Collecting page data using 7 workers ...
  Generating static pages using 7 workers (0/21) ...
  Generating static pages using 7 workers (5/21) 
  Generating static pages using 7 workers (10/21) 
  Generating static pages using 7 workers (15/21) 
??Generating static pages using 7 workers (21/21) in 2.0s
  Finalizing page optimization ...

Route (app)
??? /
????/_not-found
????/about
????/admin/demo
????/admin/demo/projects
????/admin/demo/settings
????/admin/demo/users
??? /api/consultation/notify
??? /api/debug-auth
??? /api/reports/generate
??? /api/send-email
??? /auth/callback
????/consultation/apply
??? /dashboard
??? /diagnosis
????/login
????/onboarding
????/opengraph-image.png
????/privacy
??? /report/[id]
????/report/preview
????/terms


? Proxy (Middleware)

?? (Static)   prerendered as static content
?  (Dynamic)  server-rendered on demand

